[fitnesstrendz.in/index.html]
[backblue.gif]
[fade.gif]
[index.html]
[fitnesstrendz.in/feed/index.html]
[fitnesstrendz.in/comments/feed/index.html]
[fitnesstrendz.in/amp/index.html]
[fitnesstrendz.in/wp-json/index.html]
[fitnesstrendz.in/xmlrpc0db0.php]
[fitnesstrendz.in/wp-content/uploads/2020/05/cropped-Webp.net-resizeimage-1-32x32.jpg]
[fitnesstrendz.in/wp-content/uploads/2020/05/cropped-Webp.net-resizeimage-1-192x192.jpg]
[fitnesstrendz.in/wp-content/uploads/2020/05/cropped-Webp.net-resizeimage-1-180x180.jpg]
[fitnesstrendz.in/wp-content/uploads/2020/05/cropped-Webp.net-resizeimage.jpg]
[fitnesstrendz.in/wp-content/uploads/2020/06/340-peanut-butter-crunch-with-peanut-butter-chocolate-jar-nut-original-imaeztpnffq9pqdg-min.jpg]
[fitnesstrendz.in/wp-content/uploads/2020/01/Best-whey-protein-supplements-in-India-min.jpg]
[fitnesstrendz.in/category/exercise/index.html]
[fitnesstrendz.in/wp-content/uploads/2020/07/BCAA-min.jpg]
[fitnesstrendz.in/category/healthcare-devices/index.html]
[fitnesstrendz.in/category/fitness-equipment/index.html]
[fitnesstrendz.in/wp-content/uploads/2019/12/mixed-fruits-360x240.jpg]
[fitnesstrendz.in/category/fitness-accessories/index.html]
[fitnesstrendz.in/category/dietary-supplement/index.html]
[fitnesstrendz.in/top-10-best-peanut-butter-in-india/index.html]
[fitnesstrendz.in/wp-content/uploads/2020/05/protein-vegetarian-min-360x240.jpg]
[fitnesstrendz.in/best-bcaa-in-india/index.html]
[fitnesstrendz.in/best-whey-protein-powders-in-india/index.html]
[fitnesstrendz.in/best-indian-diet-plan-weight-loss/index.html]
[fitnesstrendz.in/category/diet-nutrition/index.html]
[fitnesstrendz.in/wp-content/uploads/2021/11/treadmill-testing-0367-1578930314-min-360x240.jpg]
[fitnesstrendz.in/wp-content/uploads/2021/09/1109-cut-back-min-1-360x240.jpg]
[fitnesstrendz.in/high-protein-veg-food-in-india/index.html]
[fitnesstrendz.in/best-treadmill-for-home-home-treadmill/index.html]
[fitnesstrendz.in/wp-content/uploads/2021/08/Protein-Bars-min-360x240.jpg]
[fitnesstrendz.in/best-exercise-for-back/index.html]
[fitnesstrendz.in/best-protein-bars-in-india/index.html]
[fitnesstrendz.in/wp-content/uploads/2021/08/Does-Green-Tea-Reduce-the-Risk-of-Cancer_-min-360x240.jpg]
[fitnesstrendz.in/wp-content/uploads/2021/08/68983324-brown-flax-seeds-on-spoon-and-flaxseed-oil-in-glass-jug-on-wooden-table-flax-oil-is-rich-in-omega-3-min-360x]
[fitnesstrendz.in/best-green-tea-in-india-weight-loss/index.html]
[fitnesstrendz.in/best-flaxseed-oil-capsules-in-india/index.html]
[fitnesstrendz.in/page/2/index.html]
[fitnesstrendz.in/disclaimer/index.html]
[fitnesstrendz.in/page/3/index.html]
[fitnesstrendz.in/about-us/index.html]
[fitnesstrendz.in/privacy-policy/index.html]
[stats.wp.com/e-202243.js]
[fitnesstrendz.in/index.html]
[s7.addthis.com/js/300/addthis_widget.js]
[cdn.ampproject.org/v0/amp-form-latest.js]
[cdn.ampproject.org/v0/amp-analytics-latest.js]
[fitnesstrendz.in/wp-content/plugins/accelerated-mobile-pages/templates/design-manager/swift/fonts/icomoon.ttf]
[cdn.ampproject.org/v0.js]
[fitnesstrendz.in/amp/page/2/index.html]
[fitnesstrendz.in/wp-content/uploads/2019/12/mixed-fruits.jpg]
[cdn.ampproject.org/v0/amp-bind-latest.js]
[fitnesstrendz.in/wp-content/uploads/2019/12/mixed-fruits-723x394.jpg]
[fitnesstrendz.in/category/diet-nutrition/amp/index.html]
[fitnesstrendz.in/wp-content/uploads/2020/06/340-peanut-butter-crunch-with-peanut-butter-chocolate-jar-nut-original-imaeztpnffq9pqdg-min-346x188.jpg]
[fitnesstrendz.in/wp-content/uploads/2020/01/Best-whey-protein-supplements-in-India-min-346x188.jpg]
[fitnesstrendz.in/best-indian-diet-plan-weight-loss/amp/index.html]
[fitnesstrendz.in/wp-content/uploads/2020/07/BCAA-min-346x188.jpg]
[fitnesstrendz.in/category/dietary-supplement/amp/index.html]
[fitnesstrendz.in/wp-content/uploads/2020/05/protein-vegetarian-min-346x188.jpg]
[fitnesstrendz.in/top-10-best-peanut-butter-in-india/amp/index.html]
[fitnesstrendz.in/wp-content/uploads/2021/11/treadmill-testing-0367-1578930314-min-scaled-346x188.jpg]
[fitnesstrendz.in/high-protein-veg-food-in-india/amp/index.html]
[fitnesstrendz.in/best-bcaa-in-india/amp/index.html]
[fitnesstrendz.in/best-whey-protein-powders-in-india/amp/index.html]
[fitnesstrendz.in/wp-content/uploads/2021/09/1109-cut-back-min-1-346x188.jpg]
[fitnesstrendz.in/category/fitness-equipment/amp/index.html]
[fitnesstrendz.in/wp-content/uploads/2021/08/Protein-Bars-min-346x188.jpg]
[fitnesstrendz.in/best-treadmill-for-home-home-treadmill/amp/index.html]
[fitnesstrendz.in/best-exercise-for-back/amp/index.html]
[fitnesstrendz.in/category/exercise/amp/index.html]
[fitnesstrendz.in/wp-content/uploads/2021/08/Does-Green-Tea-Reduce-the-Risk-of-Cancer_-min-346x188.jpg]
[pixel.wp.com/g9b77.gif]
[fitnesstrendz.in/amp/index.html]
[fitnesstrendz.in/wp-includes/css/dist/block-library/style.min1eb7.css]
[fitnesstrendz.in/wp-content/uploads/2021/08/68983324-brown-flax-seeds-on-spoon-and-flaxseed-oil-in-glass-jug-on-wooden-table-flax-oil-is-rich-in-omega-3-min-346x]
[fitnesstrendz.in/wp-includes/js/mediaelement/mediaelementplayer-legacy.min08e1.css]
[fitnesstrendz.in/wp-includes/js/mediaelement/wp-mediaelement.min1eb7.css]
[fitnesstrendz.in/wp-includes/css/dist/components/style.min1eb7.css]
[fitnesstrendz.in/wp-includes/css/dist/block-editor/style.min1eb7.css]
[fitnesstrendz.in/wp-includes/css/dist/nux/style.min1eb7.css]
[fitnesstrendz.in/wp-includes/css/dist/reusable-blocks/style.min1eb7.css]
[fitnesstrendz.in/wp-includes/css/dist/editor/style.min1eb7.css]
[fitnesstrendz.in/wp-content/plugins/i2-pro-cons/dist/blocks.editor.builde7f0.css]
[fitnesstrendz.in/wp-content/plugins/i2-pro-cons/dist/fonts/fonts/i2-pros-cons.eot]
[fitnesstrendz.in/wp-content/plugins/i2-pro-cons/dist/fonts/fonts/i2-pros-consd41d.eot]
[fitnesstrendz.in/best-protein-bars-in-india/amp/index.html]
[fitnesstrendz.in/best-green-tea-in-india-weight-loss/amp/index.html]
[fitnesstrendz.in/best-flaxseed-oil-capsules-in-india/amp/index.html]
[fitnesstrendz.in/wp-content/plugins/i2-pro-cons/dist/fonts/fonts/i2-pros-cons.woff]
[fitnesstrendz.in/wp-content/plugins/i2-pro-cons/dist/fonts/fonts/i2-pros-cons.ttf]
[fitnesstrendz.in/wp-content/plugins/i2-pro-cons/dist/fonts/stylese7f0.css]
[fitnesstrendz.in/wp-content/themes/hestia/assets/bootstrap/css/bootstrap.min20b9.css]
[fitnesstrendz.in/wp-content/themes/hestia/assets/css/font-sizes.min19ce.css]
[fitnesstrendz.in/wp-content/themes/hestia/style.min19ce.css]
[fitnesstrendz.in/wp-content/plugins/wp-featherlight/css/wp-featherlight.minc412.css]
[fitnesstrendz.in/wp-content/plugins/jetpack/modules/shortcodes/img/slideshow-controls.png]
[fitnesstrendz.in/wp-content/plugins/jetpack/modules/shortcodes/img/slideshow-controls-2x.png]
[fitnesstrendz.in/wp-content/plugins/jetpack/modules/shortcodes/images/slide-nav.png]
[fitnesstrendz.in/wp-content/plugins/jetpack/modules/shortcodes/images/expand.png]
[fitnesstrendz.in/wp-content/plugins/jetpack/modules/shortcodes/images/collapse.png]
[secure.gravatar.com/images/grav-share-sprite.png]
[fitnesstrendz.in/wp-content/plugins/jetpack/css/jetpackc0b7.css]
[fitnesstrendz.in/wp-content/plugins/google-analytics-for-wordpress/assets/js/frontend-gtag.min80fe.js]
[fitnesstrendz.in/wp-includes/js/jquery/jquery.minaf6c.js]
[fitnesstrendz.in/wp-includes/js/jquery/jquery-migrate.mind617.js]
[fitnesstrendz.in/wp-includes/wlwmanifest.html]
[fitnesstrendz.in/category/exercise/feed/index.html]
[fitnesstrendz.in/wp-json/wp/v2/categories/20.json]
[fitnesstrendz.in/wp-content/uploads/2019/12/upper-chest-workout-featured-360x240.png]
[fitnesstrendz.in/best-chest-exercises-for-muscle-building/index.html]
[fitnesstrendz.in/wp-content/uploads/2019/11/p06yg8zv-360x240.jpg]
[fitnesstrendz.in/category/exercise/index.html]
[fitnesstrendz.in/how-to-lose-belly-fat-at-home/index.html]
[fitnesstrendz.in/category/dietary-supplement/feed/index.html]
[fitnesstrendz.in/wp-json/wp/v2/categories/31.json]
[fitnesstrendz.in/wp-content/uploads/2020/06/340-peanut-butter-crunch-with-peanut-butter-chocolate-jar-nut-original-imaeztpnffq9pqdg-min-352x240.jpg]
[fitnesstrendz.in/wp-content/uploads/2020/01/Best-whey-protein-supplements-in-India-min-360x240.jpg]
[fitnesstrendz.in/wp-content/uploads/2020/07/BCAA-min-360x240.jpg]
[fitnesstrendz.in/wp-content/uploads/2021/08/omega-3-fatty-acid-supplements-and-fish-oil-1024x683-1-360x240.jpg]
[fitnesstrendz.in/wp-content/uploads/2021/04/migkl9obvu33kexwt0njvilc9qdqnahkqmi7gztq1ld5lp4kr8yqe3ooheviarge-min-360x240.jpg]
[fitnesstrendz.in/10-best-omega-3-capsules-in-india/index.html]
[fitnesstrendz.in/top-10-best-oats-in-india/index.html]
[fitnesstrendz.in/best-pre-workout-supplement-in-india/index.html]
[fitnesstrendz.in/wp-content/uploads/2021/03/Top-5-Pre-Workout-Supplements-In-India-min-360x240.jpg]
[fitnesstrendz.in/wp-content/uploads/2021/01/creatine-powder-all-review-ub-1-scaled-min-360x240.jpg]
[fitnesstrendz.in/category/dietary-supplement/index.html]
[fitnesstrendz.in/top-10-best-creatine-in-india/index.html]
[fitnesstrendz.in/category/dietary-supplement/page/2/index.html]
[fitnesstrendz.in/wp-json/wp/v2/categories/32.json]
[fitnesstrendz.in/category/fitness-equipment/index.html]
[fitnesstrendz.in/category/fitness-equipment/feed/index.html]
[fitnesstrendz.in/wp-json/wp/v2/categories/33.json]
[fitnesstrendz.in/category/healthcare-devices/index.html]
[fitnesstrendz.in/category/healthcare-devices/feed/index.html]
[fitnesstrendz.in/wp-json/wp/v2/categories/34.json]
[fitnesstrendz.in/category/fitness-accessories/index.html]
[fitnesstrendz.in/wp-json/wp/v2/posts/3218.json]
[fitnesstrendz.in/category/fitness-accessories/feed/index.html]
[fitnesstrendz.in/top-10-best-peanut-butter-in-india/feed/index.html]
[fitnesstrendz.in/wp-json/oembed/1.0/embeda165.json]
[fitnesstrendz.in/wp-json/oembed/1.0/embed37ab]
[fitnesstrendz.in/wp-content/themes/hestia/assets/img/placeholder.jpg]
[fitnesstrendz.in/top-10-best-peanut-butter-in-india/index.html]
[fitnesstrendz.in/best-whey-protein-powders-in-india/feed/index.html]
[fitnesstrendz.in/wp-json/wp/v2/posts/2147.json]
[fitnesstrendz.in/wp-json/oembed/1.0/embedc8cf.json]
[fitnesstrendz.in/wp-json/oembed/1.0/embedee13]
[fitnesstrendz.in/best-whey-protein-powders-in-india/index.html]
[fitnesstrendz.in/wp-json/wp/v2/posts/3478.json]
[fitnesstrendz.in/best-bcaa-in-india/feed/index.html]
[fitnesstrendz.in/wp-json/oembed/1.0/embed55fa.json]
[fitnesstrendz.in/wp-json/oembed/1.0/embed4cdc]
[fitnesstrendz.in/best-bcaa-in-india/index.html]
[fitnesstrendz.in/wp-json/wp/v2/posts/2072.json]
[fitnesstrendz.in/best-indian-diet-plan-weight-loss/feed/index.html]
[fitnesstrendz.in/wp-json/oembed/1.0/embed2b08.json]
[fitnesstrendz.in/wp-json/oembed/1.0/embed148f]
[fitnesstrendz.in/best-indian-diet-plan-weight-loss/index.html]
[fitnesstrendz.in/tag/fitness/index.html]
[fitnesstrendz.in/tag/diet/index.html]
[fitnesstrendz.in/category/diet-nutrition/feed/index.html]
[fitnesstrendz.in/tag/health/index.html]
[fitnesstrendz.in/wp-json/wp/v2/categories/18.json]
[fitnesstrendz.in/category/diet-nutrition/index.html]
[fitnesstrendz.in/author/shukladeepak616gmail-com/index.html]
[fitnesstrendz.in/wp-json/wp/v2/posts/2024.json]
[fitnesstrendz.in/high-protein-veg-food-in-india/feed/index.html]
[fitnesstrendz.in/wp-json/oembed/1.0/embeda272.json]
[fitnesstrendz.in/wp-json/oembed/1.0/embedbd33]
[fitnesstrendz.in/wp-content/uploads/2020/05/protein-vegetarian-min.jpg]
[fitnesstrendz.in/high-protein-veg-food-in-india/index.html]
[fitnesstrendz.in/tag/food/index.html]
[fitnesstrendz.in/tag/protein-food/index.html]
[fitnesstrendz.in/tag/veg-protein/index.html]
[fitnesstrendz.in/wp-json/wp/v2/posts/4409.json]
[fitnesstrendz.in/best-treadmill-for-home-home-treadmill/feed/index.html]
[fitnesstrendz.in/wp-json/oembed/1.0/embed00e1.json]
[fitnesstrendz.in/wp-json/oembed/1.0/embed6716]
[fitnesstrendz.in/wp-content/uploads/2021/11/treadmill-testing-0367-1578930314-min-scaled.jpg]
[fitnesstrendz.in/best-treadmill-for-home-home-treadmill/index.html]
[fitnesstrendz.in/wp-json/wp/v2/posts/4323.json]
[fitnesstrendz.in/best-exercise-for-back/feed/index.html]
[fitnesstrendz.in/wp-json/oembed/1.0/embed2c2b.json]
[fitnesstrendz.in/wp-json/oembed/1.0/embed16bb]
[fitnesstrendz.in/wp-content/uploads/2021/09/1109-cut-back-min-1.jpg]
[fitnesstrendz.in/best-exercise-for-back/index.html]
[fitnesstrendz.in/wp-json/wp/v2/posts/4193.json]
[fitnesstrendz.in/best-protein-bars-in-india/feed/index.html]
[fitnesstrendz.in/wp-json/oembed/1.0/embedae5c.json]
[fitnesstrendz.in/wp-json/oembed/1.0/embeda865]
[fitnesstrendz.in/wp-content/uploads/2021/08/Protein-Bars-min.jpg]
[fitnesstrendz.in/best-protein-bars-in-india/index.html]
[fitnesstrendz.in/wp-json/wp/v2/posts/4122.json]
[fitnesstrendz.in/best-green-tea-in-india-weight-loss/feed/index.html]
[fitnesstrendz.in/wp-json/oembed/1.0/embedcd17.json]
[fitnesstrendz.in/wp-json/oembed/1.0/embedbc12]
[fitnesstrendz.in/wp-content/uploads/2021/08/Does-Green-Tea-Reduce-the-Risk-of-Cancer_-min.jpg]
[fitnesstrendz.in/best-green-tea-in-india-weight-loss/index.html]
[fitnesstrendz.in/best-flaxseed-oil-capsules-in-india/feed/index.html]
[fitnesstrendz.in/wp-json/wp/v2/posts/4054.json]
[fitnesstrendz.in/wp-json/oembed/1.0/embedc154.json]
[fitnesstrendz.in/wp-json/oembed/1.0/embed2979]
[fitnesstrendz.in/best-flaxseed-oil-capsules-in-india/index.html]
[fitnesstrendz.in/wp-content/uploads/2021/08/68983324-brown-flax-seeds-on-spoon-and-flaxseed-oil-in-glass-jug-on-wooden-table-flax-oil-is-rich-in-omega-3-min.f4.d]
[fitnesstrendz.in/wp-content/uploads/2020/07/top-10-best-tasting-weight-gainers-facebook-960x540-min-360x240.jpg]
[fitnesstrendz.in/best-weight-gainer-in-india/index.html]
[fitnesstrendz.in/best-fat-burner-in-india/index.html]
[fitnesstrendz.in/wp-content/uploads/2020/05/20ff98b2-1273-4c57-83e8-fe258212094a222-min-360x240.jpg]
[fitnesstrendz.in/wp-content/uploads/2020/04/74dcc4f6-866d-49f1-ab44-50ea1f664387-min-360x240.jpg]
[fitnesstrendz.in/wp-content/uploads/2019/12/67849989-360x240.jpg]
[fitnesstrendz.in/page/2/index.html]
[fitnesstrendz.in/page/3/index.html]
[fitnesstrendz.in/wp-content/uploads/2020/02/2FFvzA2zeqoVJ2SVhDmmumdPfnVEcahMce9nMwwksSDdRvRL9UCuCcU85fSFTr3WjJ4VHYu7Xf5XAW4EGNjkLZwCw6vpaZmPc2ccsBgKb1fSymvAJLUQw]
[fitnesstrendz.in/best-supplement-stack-during-fat-loss/index.html]
[fitnesstrendz.in/best-multivitamin-tablets-in-india/index.html]
[fitnesstrendz.in/top-10-healthy-foods-to-improve-digestion/index.html]
[fitnesstrendz.in/category/blog/index.html]
[fitnesstrendz.in/amp/page/3/index.html]
[fitnesstrendz.in/wp-json/wp/v2/pages/20.json]
[fitnesstrendz.in/about-us/amp/index.html]
[fitnesstrendz.in/wp-json/oembed/1.0/embedc621.json]
[fitnesstrendz.in/wp-json/oembed/1.0/embedf948]
[fitnesstrendz.in/about-us/index.html]
[fitnesstrendz.in/wp-json/wp/v2/pages/56.json]
[fitnesstrendz.in/disclaimer/amp/index.html]
[fitnesstrendz.in/wp-json/oembed/1.0/embed3e36.json]
[fitnesstrendz.in/wp-json/oembed/1.0/embeddceb]
[fitnesstrendz.in/disclaimer/index.html]
[fitnesstrendz.in/wp-json/wp/v2/pages/55.json]
[fitnesstrendz.in/privacy-policy/amp/index.html]
[fitnesstrendz.in/wp-json/oembed/1.0/embed0a6a.json]
[fitnesstrendz.in/wp-json/oembed/1.0/embed67fd]
[fitnesstrendz.in/privacy-policy/index.html]
[fitnesstrendz.in/wp-content/themes/hestia/assets/bootstrap/js/bootstrap.min20b9.js]
[fitnesstrendz.in/wp-includes/js/jquery/ui/core.min0028.js]
[fitnesstrendz.in/wp-content/themes/hestia/assets/js/script.min19ce.js]
[fitnesstrendz.in/wp-content/plugins/wp-featherlight/js/wpFeatherlight.pkgd.minc412.js]
[fitnesstrendz.in/wp-content/uploads/2021/08/omega-3-fatty-acid-supplements-and-fish-oil-1024x683-1.jpg]
[fitnesstrendz.in/wp-content/uploads/2021/08/omega-3-fatty-acid-supplements-and-fish-oil-1024x683-1-346x188.jpg]
[fitnesstrendz.in/10-best-omega-3-capsules-in-india/amp/index.html]
[fitnesstrendz.in/wp-content/uploads/2021/04/migkl9obvu33kexwt0njvilc9qdqnahkqmi7gztq1ld5lp4kr8yqe3ooheviarge-min-346x188.jpg]
[fitnesstrendz.in/top-10-best-oats-in-india/amp/index.html]
[fitnesstrendz.in/wp-content/uploads/2021/03/Top-5-Pre-Workout-Supplements-In-India-min-346x188.jpg]
[fitnesstrendz.in/wp-content/uploads/2021/01/creatine-powder-all-review-ub-1-scaled-min-346x188.jpg]
[fitnesstrendz.in/wp-content/uploads/2020/07/top-10-best-tasting-weight-gainers-facebook-960x540-min-346x188.jpg]
[fitnesstrendz.in/best-pre-workout-supplement-in-india/amp/index.html]
[fitnesstrendz.in/wp-content/uploads/2020/05/20ff98b2-1273-4c57-83e8-fe258212094a222-min-346x188.jpg]
[fitnesstrendz.in/top-10-best-creatine-in-india/amp/index.html]
[fitnesstrendz.in/wp-content/uploads/2020/04/74dcc4f6-866d-49f1-ab44-50ea1f664387-min-346x188.jpg]
[fitnesstrendz.in/wp-content/uploads/2019/12/67849989-346x188.jpg]
[fitnesstrendz.in/wp-content/uploads/2019/12/upper-chest-workout-featured-346x188.png]
[fitnesstrendz.in/best-weight-gainer-in-india/amp/index.html]
[fitnesstrendz.in/amp/page/2/index.html]
[fitnesstrendz.in/wp-content/uploads/2020/02/2FFvzA2zeqoVJ2SVhDmmumdPfnVEcahMce9nMwwksSDdRvRL9UCuCcU85fSFTr3WjJ4VHYu7Xf5XAW4EGNjkLZwCw6vpaZmPc2ccsBgKb1fSymvAJLUQw-2]
[fitnesstrendz.in/index494d.html]
[fitnesstrendz.in/best-fat-burner-in-india/amp/index.html]
[fitnesstrendz.in/best-multivitamin-tablets-in-india/amp/index.html]
[fitnesstrendz.in/best-supplement-stack-during-fat-loss/amp/index.html]
[fitnesstrendz.in/top-10-healthy-foods-to-improve-digestion/amp/index.html]
[fitnesstrendz.in/category/blog/amp/index.html]
[cdn.ampproject.org/v0/amp-addthis-0.1.js]
[fitnesstrendz.in/best-chest-exercises-for-muscle-building/amp/index.html]
[fitnesstrendz.in/wp-content/uploads/2020/05/protein-vegetarian-min-220x134.jpg]
[pixel.wp.com/g5970.gif]
[fitnesstrendz.in/best-indian-diet-plan-weight-loss/amp/index.html]
[fitnesstrendz.in/tag/diet/amp/index.html]
[fitnesstrendz.in/wp-content/uploads/2019/12/mixed-fruits-346x188.jpg]
[fitnesstrendz.in/category/diet-nutrition/amp/index.html]
[fitnesstrendz.in/tag/fitness/amp/index.html]
[fitnesstrendz.in/tag/health/amp/index.html]
[cdn.ampproject.org/v0/amp-video-docking-latest.js]
[cdn.ampproject.org/v0/amp-youtube-latest.js]
[fitnesstrendz.in/wp-content/uploads/2021/08/Protein-Bars-min-220x134.jpg]
[fitnesstrendz.in/wp-content/uploads/2021/08/Does-Green-Tea-Reduce-the-Risk-of-Cancer_-min-220x134.jpg]
[pixel.wp.com/g3975.gif]
[fitnesstrendz.in/top-10-best-peanut-butter-in-india/amp/index.html]
[fitnesstrendz.in/category/dietary-supplement/amp/index.html]
[fitnesstrendz.in/wp-content/uploads/2021/08/68983324-brown-flax-seeds-on-spoon-and-flaxseed-oil-in-glass-jug-on-wooden-table-flax-oil-is-rich-in-omega-3-min-220x]
[pixel.wp.com/gbe6d.gif]
[fitnesstrendz.in/best-whey-protein-powders-in-india/amp/index.html]
[fitnesstrendz.in/category/dietary-supplement/amp/page/2/index.html]
[pixel.wp.com/g3909.gif]
[fitnesstrendz.in/best-bcaa-in-india/amp/index.html]
[fitnesstrendz.in/wp-content/uploads/2019/12/mixed-fruits-220x134.jpg]
[fitnesstrendz.in/tag/food/amp/index.html]
[pixel.wp.com/g354c.gif]
[fitnesstrendz.in/high-protein-veg-food-in-india/amp/index.html]
[fitnesstrendz.in/tag/protein-food/amp/index.html]
[fitnesstrendz.in/tag/veg-protein/amp/index.html]
[pixel.wp.com/gb1ad.gif]
[fitnesstrendz.in/best-treadmill-for-home-home-treadmill/amp/index.html]
[fitnesstrendz.in/category/fitness-equipment/amp/index.html]
[fitnesstrendz.in/wp-content/uploads/2019/12/upper-chest-workout-featured-220x134.png]
[fitnesstrendz.in/wp-content/uploads/2019/11/p06yg8zv-220x134.jpg]
[pixel.wp.com/g3989.gif]
[fitnesstrendz.in/best-exercise-for-back/amp/index.html]
[fitnesstrendz.in/wp-content/uploads/2019/11/p06yg8zv-346x188.jpg]
[fitnesstrendz.in/category/exercise/amp/index.html]
[fitnesstrendz.in/how-to-lose-belly-fat-at-home/amp/index.html]
[pixel.wp.com/g4212.gif]
[fitnesstrendz.in/best-protein-bars-in-india/amp/index.html]
[pixel.wp.com/gc697.gif]
[fitnesstrendz.in/best-green-tea-in-india-weight-loss/amp/index.html]
[pixel.wp.com/g4d4b.gif]
[fitnesstrendz.in/best-flaxseed-oil-capsules-in-india/amp/index.html]
[fitnesstrendz.in/wp-includes/js/mediaelement/mejs-controls.svg]
[fitnesstrendz.in/wp-content/plugins/i2-pro-cons/dist/fonts/fonts/i2-pros-cons.svg]
[fitnesstrendz.in/wp-json/wp/v2/posts/2002.json]
[fitnesstrendz.in/best-chest-exercises-for-muscle-building/feed/index.html]
[fitnesstrendz.in/wp-json/oembed/1.0/embedcf32.json]
[fitnesstrendz.in/wp-json/oembed/1.0/embedb037]
[fitnesstrendz.in/wp-content/uploads/2019/12/upper-chest-workout-featured.png]
[fitnesstrendz.in/best-chest-exercises-for-muscle-building/index.html]
[fitnesstrendz.in/tag/exercise/index.html]
[fitnesstrendz.in/tag/lifestyle/index.html]
[fitnesstrendz.in/how-to-lose-belly-fat-at-home/feed/index.html]
[fitnesstrendz.in/wp-json/wp/v2/posts/67.json]
[fitnesstrendz.in/wp-json/oembed/1.0/embeded93.json]
[fitnesstrendz.in/wp-json/oembed/1.0/embed8a15]
[fitnesstrendz.in/wp-content/uploads/2019/11/p06yg8zv.jpg]
[fitnesstrendz.in/how-to-lose-belly-fat-at-home/index.html]
[fitnesstrendz.in/wp-content/plugins/easy-table-of-contents/vendor/icomoon/fonts/ez-toc-icomoon.eot]
[fitnesstrendz.in/wp-content/plugins/easy-table-of-contents/vendor/icomoon/fonts/ez-toc-icomoond41d.eot]
[fitnesstrendz.in/wp-content/plugins/easy-table-of-contents/vendor/icomoon/fonts/ez-toc-icomoon.woff2]
[fitnesstrendz.in/wp-content/plugins/easy-table-of-contents/vendor/icomoon/fonts/ez-toc-icomoon.woff]
[fitnesstrendz.in/wp-content/plugins/easy-table-of-contents/vendor/icomoon/fonts/ez-toc-icomoon.ttf]
[fitnesstrendz.in/wp-content/plugins/easy-table-of-contents/vendor/icomoon/style.minc3b6.css]
[fitnesstrendz.in/wp-content/plugins/easy-table-of-contents/assets/css/screen.minc3b6.css]
[fitnesstrendz.in/wp-json/wp/v2/posts/3940.json]
[fitnesstrendz.in/10-best-omega-3-capsules-in-india/feed/index.html]
[fitnesstrendz.in/wp-json/oembed/1.0/embedf353.json]
[fitnesstrendz.in/wp-json/oembed/1.0/embedff4c]
[fitnesstrendz.in/10-best-omega-3-capsules-in-india/index.html]
[fitnesstrendz.in/wp-json/wp/v2/posts/3877.json]
[fitnesstrendz.in/top-10-best-oats-in-india/feed/index.html]
[fitnesstrendz.in/wp-json/oembed/1.0/embedcdcd.json]
[fitnesstrendz.in/wp-json/oembed/1.0/embed1980]
[fitnesstrendz.in/wp-content/uploads/2021/04/migkl9obvu33kexwt0njvilc9qdqnahkqmi7gztq1ld5lp4kr8yqe3ooheviarge-min.jpg]
[fitnesstrendz.in/top-10-best-oats-in-india/index.html]
[fitnesstrendz.in/wp-json/wp/v2/posts/3792.json]
[fitnesstrendz.in/best-pre-workout-supplement-in-india/feed/index.html]
[fitnesstrendz.in/wp-json/oembed/1.0/embedac75.json]
[fitnesstrendz.in/wp-json/oembed/1.0/embede1c5]
[fitnesstrendz.in/wp-content/uploads/2021/03/Top-5-Pre-Workout-Supplements-In-India-min.jpg]
[fitnesstrendz.in/best-pre-workout-supplement-in-india/index.html]
[fitnesstrendz.in/wp-json/wp/v2/posts/3643.json]
[fitnesstrendz.in/top-10-best-creatine-in-india/feed/index.html]
[fitnesstrendz.in/wp-json/oembed/1.0/embedee7a.json]
[fitnesstrendz.in/wp-json/oembed/1.0/embedd46c]
[fitnesstrendz.in/wp-content/uploads/2021/01/creatine-powder-all-review-ub-1-scaled-min.jpg]
[fitnesstrendz.in/top-10-best-creatine-in-india/index.html]
[fitnesstrendz.in/category/dietary-supplement/page/2/index.html]
[sh046.global.temp.domains/_fitness9wp-content/uploads/2020/06/340-peanut-butter-crunch-with-peanut-butter-chocolate-jar-nut-original-imaeztpnffq9pqdg-min.57.dela]
[fitnesstrendz.in/indexaaba.html]
[fitnesstrendz.in/wp-includes/js/comment-reply.min1eb7.js]
[fitnesstrendz.in/wp-content/plugins/easy-table-of-contents/vendor/smooth-scroll/jquery.smooth-scroll.min3601.js]
[fitnesstrendz.in/wp-content/plugins/easy-table-of-contents/vendor/js-cookie/js.cookie.min77e6.js]
[fitnesstrendz.in/wp-content/plugins/easy-table-of-contents/vendor/sticky-kit/jquery.sticky-kit.min2c00.js]
[fitnesstrendz.in/wp-content/plugins/easy-table-of-contents/assets/js/front.min2ae1.js]
[fitnesstrendz.in/xmlrpc.php]
[sh046.global.temp.domains/_fitness9wp-content/uploads/2020/01/Best-whey-protein-supplements-in-India-min.html]
[fitnesstrendz.in/index2e2b.html]
[sh046.global.temp.domains/_fitness9wp-content/uploads/2020/07/BCAA-min.html]
[fitnesstrendz.in/index18fa.html]
[sh046.global.temp.domains/_fitness9wp-content/uploads/2019/12/mixed-fruits.html]
[fitnesstrendz.in/indexd19f.html]
[fitnesstrendz.in/tag/diet/feed/index.html]
[fitnesstrendz.in/wp-json/wp/v2/tags/27.json]
[fitnesstrendz.in/tag/diet/index.html]
[fitnesstrendz.in/wp-json/wp/v2/tags/22.json]
[fitnesstrendz.in/tag/fitness/index.html]
[fitnesstrendz.in/tag/fitness/feed/index.html]
[fitnesstrendz.in/wp-json/wp/v2/tags/23.json]
[fitnesstrendz.in/tag/health/index.html]
[sh046.global.temp.domains/_fitness9wp-content/uploads/2020/05/protein-vegetarian-min.html]
[fitnesstrendz.in/indexf613.html]
[fitnesstrendz.in/tag/health/feed/index.html]
[fitnesstrendz.in/wp-json/wp/v2/tags/28.json]
[fitnesstrendz.in/tag/food/index.html]
[fitnesstrendz.in/tag/food/feed/index.html]
[fitnesstrendz.in/wp-json/wp/v2/tags/29.json]
[fitnesstrendz.in/tag/protein-food/index.html]
[fitnesstrendz.in/tag/protein-food/feed/index.html]
[fitnesstrendz.in/wp-json/wp/v2/tags/30.json]
[fitnesstrendz.in/tag/veg-protein/index.html]
[sh046.global.temp.domains/_fitness9wp-content/uploads/2021/11/treadmill-testing-0367-1578930314-min-scaled.html]
[fitnesstrendz.in/index161b.html]
[sh046.global.temp.domains/_fitness9wp-content/uploads/2021/09/1109-cut-back-min-1.html]
[fitnesstrendz.in/index3e3f.html]
[sh046.global.temp.domains/_fitness9wp-content/uploads/2021/08/Protein-Bars-min.html]
[fitnesstrendz.in/indexcc03.html]
[sh046.global.temp.domains/_fitness9wp-content/uploads/2021/08/Does-Green-Tea-Reduce-the-Risk-of-Cancer_-min.html]
[fitnesstrendz.in/index9ec0.html]
[sh046.global.temp.domains/_fitness9wp-content/uploads/2021/08/68983324-brown-flax-seeds-on-spoon-and-flaxseed-oil-in-glass-jug-on-wooden-table-flax-oil-is-rich-i]
[fitnesstrendz.in/indexae51.html]
[fitnesstrendz.in/tag/veg-protein/feed/index.html]
[fitnesstrendz.in/wp-json/wp/v2/posts/3569.json]
[fitnesstrendz.in/best-weight-gainer-in-india/feed/index.html]
[fitnesstrendz.in/wp-json/oembed/1.0/embedbadc.json]
[fitnesstrendz.in/wp-json/oembed/1.0/embedd8f2]
[fitnesstrendz.in/wp-content/uploads/2020/07/top-10-best-tasting-weight-gainers-facebook-960x540-min.jpg]
[fitnesstrendz.in/best-weight-gainer-in-india/index.html]
[fitnesstrendz.in/wp-json/wp/v2/posts/2766.json]
[fitnesstrendz.in/best-fat-burner-in-india/feed/index.html]
[fitnesstrendz.in/wp-json/oembed/1.0/embed08be.json]
[fitnesstrendz.in/wp-json/oembed/1.0/embed60d2]
[fitnesstrendz.in/wp-content/uploads/2020/05/20ff98b2-1273-4c57-83e8-fe258212094a222-min.jpg]
[fitnesstrendz.in/best-fat-burner-in-india/index.html]
[fitnesstrendz.in/wp-json/wp/v2/posts/2340.json]
[fitnesstrendz.in/best-multivitamin-tablets-in-india/feed/index.html]
[fitnesstrendz.in/wp-json/oembed/1.0/embedb6ab.json]
[fitnesstrendz.in/wp-json/oembed/1.0/embed4cb1]
[fitnesstrendz.in/wp-content/uploads/2020/04/74dcc4f6-866d-49f1-ab44-50ea1f664387-min.jpg]
[fitnesstrendz.in/best-multivitamin-tablets-in-india/index.html]
[fitnesstrendz.in/wp-json/wp/v2/posts/2240.json]
[fitnesstrendz.in/best-supplement-stack-during-fat-loss/feed/index.html]
[fitnesstrendz.in/wp-json/oembed/1.0/embedb8d7.json]
[fitnesstrendz.in/wp-json/oembed/1.0/embedf6c4]
[fitnesstrendz.in/best-supplement-stack-during-fat-loss/index.html]
[fitnesstrendz.in/wp-json/wp/v2/posts/2059.json]
[fitnesstrendz.in/top-10-healthy-foods-to-improve-digestion/feed/index.html]
[fitnesstrendz.in/wp-json/oembed/1.0/embed0a0a.json]
[fitnesstrendz.in/wp-json/oembed/1.0/embedff30]
[fitnesstrendz.in/wp-content/uploads/2019/12/67849989.jpg]
[fitnesstrendz.in/top-10-healthy-foods-to-improve-digestion/index.html]
[fitnesstrendz.in/wp-json/wp/v2/categories/36.json]
[fitnesstrendz.in/category/blog/index.html]
[fitnesstrendz.in/amp/page/3/index.html]
[fitnesstrendz.in/category/blog/feed/index.html]
[pixel.wp.com/g195c.gif]
[fitnesstrendz.in/about-us/amp/index.html]
[fitnesstrendz.in/index341b.html]
[pixel.wp.com/gb9df.gif]
[fitnesstrendz.in/disclaimer/amp/index.html]
[fitnesstrendz.in/index2dc8.html]
[pixel.wp.com/ga76f.gif]
[fitnesstrendz.in/privacy-policy/amp/index.html]
[fitnesstrendz.in/index8054.html]
[fitnesstrendz.in/page/2/index494d.html]
[fitnesstrendz.in/page/2/index2c29.html]
[pixel.wp.com/g413e.gif]
[fitnesstrendz.in/10-best-omega-3-capsules-in-india/amp/index.html]
[pixel.wp.com/g957c.gif]
[fitnesstrendz.in/top-10-best-oats-in-india/amp/index.html]
[pixel.wp.com/g2875.gif]
[fitnesstrendz.in/best-pre-workout-supplement-in-india/amp/index.html]
[pixel.wp.com/gd166.gif]
[fitnesstrendz.in/top-10-best-creatine-in-india/amp/index.html]
[pixel.wp.com/g998f.gif]
[fitnesstrendz.in/best-weight-gainer-in-india/amp/index.html]
[pixel.wp.com/ge4fd.gif]
[fitnesstrendz.in/best-fat-burner-in-india/amp/index.html]
[pixel.wp.com/g958f.gif]
[fitnesstrendz.in/best-multivitamin-tablets-in-india/amp/index.html]
[pixel.wp.com/g1730.gif]
[fitnesstrendz.in/best-supplement-stack-during-fat-loss/amp/index.html]
[pixel.wp.com/g3c44.gif]
[fitnesstrendz.in/top-10-healthy-foods-to-improve-digestion/amp/index.html]
[fitnesstrendz.in/category/blog/amp/index.html]
[fitnesstrendz.in/tag/lifestyle/amp/index.html]
[cdn.ampproject.org/v0/amp-anim-latest.js]
[fitnesstrendz.in/wp-content/uploads/2021/09/1109-cut-back-min-1-220x134.jpg]
[pixel.wp.com/g9140.gif]
[fitnesstrendz.in/best-chest-exercises-for-muscle-building/amp/index.html]
[fitnesstrendz.in/best-indian-diet-plan-weight-loss/index494d.html]
[fitnesstrendz.in/best-indian-diet-plan-weight-loss/indexa5b0.html]
[fitnesstrendz.in/tag/diet/amp/index.html]
[fitnesstrendz.in/tag/exercise/amp/index.html]
[fitnesstrendz.in/tag/fitness/amp/index.html]
[fitnesstrendz.in/tag/health/amp/index.html]
[fitnesstrendz.in/category/diet-nutrition/index494d.html]
[fitnesstrendz.in/top-10-best-peanut-butter-in-india/index494d.html]
[fitnesstrendz.in/top-10-best-peanut-butter-in-india/indexa5b0.html]
[fitnesstrendz.in/category/dietary-supplement/amp/page/2/index.html]
[fitnesstrendz.in/category/dietary-supplement/index494d.html]
[fitnesstrendz.in/best-whey-protein-powders-in-india/index494d.html]
[fitnesstrendz.in/best-whey-protein-powders-in-india/indexa5b0.html]
[fitnesstrendz.in/best-bcaa-in-india/index494d.html]
[fitnesstrendz.in/best-bcaa-in-india/indexa5b0.html]
[fitnesstrendz.in/high-protein-veg-food-in-india/index494d.html]
[fitnesstrendz.in/high-protein-veg-food-in-india/indexa5b0.html]
[fitnesstrendz.in/tag/food/amp/index.html]
[fitnesstrendz.in/tag/protein-food/amp/index.html]
[fitnesstrendz.in/tag/veg-protein/amp/index.html]
[fitnesstrendz.in/best-treadmill-for-home-home-treadmill/index494d.html]
[fitnesstrendz.in/best-treadmill-for-home-home-treadmill/indexa5b0.html]
[fitnesstrendz.in/category/fitness-equipment/index494d.html]
[fitnesstrendz.in/best-exercise-for-back/index494d.html]
[fitnesstrendz.in/best-exercise-for-back/indexa5b0.html]
[pixel.wp.com/gb81e.gif]
[fitnesstrendz.in/how-to-lose-belly-fat-at-home/amp/index.html]
[fitnesstrendz.in/category/exercise/index494d.html]
[fitnesstrendz.in/best-protein-bars-in-india/index494d.html]
[fitnesstrendz.in/best-protein-bars-in-india/indexa5b0.html]
[fitnesstrendz.in/best-green-tea-in-india-weight-loss/index494d.html]
[fitnesstrendz.in/best-green-tea-in-india-weight-loss/indexa5b0.html]
[fitnesstrendz.in/best-flaxseed-oil-capsules-in-india/index494d.html]
[fitnesstrendz.in/best-flaxseed-oil-capsules-in-india/indexa5b0.html]
[fitnesstrendz.inwp-content/uploads/2020/05/female-throwing-ropes-in-gym-with-distant-blur-1-min.jpg]
[sh046.global.temp.domains/_fitness9wp-content/uploads/2019/12/upper-chest-workout-featured.html]
[fitnesstrendz.in/index68e0.html]
[fitnesstrendz.in/tag/exercise/feed/index.html]
[fitnesstrendz.in/wp-json/wp/v2/tags/25.json]
[fitnesstrendz.in/tag/exercise/index.html]
[fitnesstrendz.in/tag/lifestyle/feed/index.html]
[fitnesstrendz.in/wp-json/wp/v2/tags/24.json]
[fitnesstrendz.in/tag/lifestyle/index.html]
[sh046.global.temp.domains/_fitness9wp-content/uploads/2019/11/p06yg8zv.html]
[fitnesstrendz.in/index96f1.html]
[fitnesstrendz.in/wp-content/plugins/easy-table-of-contents/vendor/icomoon/fonts/ez-toc-icomoon.svg]
[sh046.global.temp.domains/_fitness9wp-content/uploads/2021/08/omega-3-fatty-acid-supplements-and-fish-oil-1024x683-1.html]
[fitnesstrendz.in/indexef85.html]
[sh046.global.temp.domains/_fitness9wp-content/uploads/2021/04/migkl9obvu33kexwt0njvilc9qdqnahkqmi7gztq1ld5lp4kr8yqe3ooheviarge-min.html]
[fitnesstrendz.in/index0d1f.html]
[sh046.global.temp.domains/_fitness9wp-content/uploads/2021/03/Top-5-Pre-Workout-Supplements-In-India-min.html]
[fitnesstrendz.in/index7642.html]
[sh046.global.temp.domains/_fitness9wp-content/uploads/2021/01/creatine-powder-all-review-ub-1-scaled-min.html]
[fitnesstrendz.in/indexdc9d.html]
[sh046.global.temp.domains/_fitness9wp-content/uploads/2020/07/top-10-best-tasting-weight-gainers-facebook-960x540-min.html]
[fitnesstrendz.in/index46af.html]
[sh046.global.temp.domains/_fitness9wp-content/uploads/2020/05/20ff98b2-1273-4c57-83e8-fe258212094a222-min.html]
[fitnesstrendz.in/index122c.html]
[sh046.global.temp.domains/_fitness9wp-content/uploads/2020/04/74dcc4f6-866d-49f1-ab44-50ea1f664387-min.html]
[fitnesstrendz.in/index4203.html]
[sh046.global.temp.domains/_fitness9wp-content/uploads/2020/02/2FFvzA2zeqoVJ2SVhDmmumdPfnVEcahMce9nMwwksSDdRvRL9UCuCcU85fSFTr3WjJ4VHYu7Xf5XAW4EGNjkLZwCw6vpaZmPc2c]
[fitnesstrendz.in/index52de.html]
[sh046.global.temp.domains/_fitness9wp-content/uploads/2019/12/67849989.html]
[fitnesstrendz.in/index230e.html]
[fitnesstrendz.in/page/3/index494d.html]
[fitnesstrendz.in/about-us/index494d.html]
[fitnesstrendz.in/disclaimer/index494d.html]
[fitnesstrendz.in/privacy-policy/index494d.html]
[fitnesstrendz.in/page/2/index2c29.html]
[fitnesstrendz.in/10-best-omega-3-capsules-in-india/index494d.html]
[fitnesstrendz.in/10-best-omega-3-capsules-in-india/indexa5b0.html]
[fitnesstrendz.in/top-10-best-oats-in-india/index494d.html]
[fitnesstrendz.in/top-10-best-oats-in-india/indexa5b0.html]
[fitnesstrendz.in/best-pre-workout-supplement-in-india/index494d.html]
[fitnesstrendz.in/best-pre-workout-supplement-in-india/indexa5b0.html]
[fitnesstrendz.in/top-10-best-creatine-in-india/index494d.html]
[fitnesstrendz.in/top-10-best-creatine-in-india/indexa5b0.html]
[fitnesstrendz.in/best-weight-gainer-in-india/index494d.html]
[fitnesstrendz.in/best-weight-gainer-in-india/indexa5b0.html]
[fitnesstrendz.in/best-fat-burner-in-india/index494d.html]
[fitnesstrendz.in/best-fat-burner-in-india/indexa5b0.html]
[fitnesstrendz.in/best-multivitamin-tablets-in-india/index494d.html]
[fitnesstrendz.in/best-multivitamin-tablets-in-india/indexa5b0.html]
[fitnesstrendz.in/best-supplement-stack-during-fat-loss/index494d.html]
[fitnesstrendz.in/best-supplement-stack-during-fat-loss/indexa5b0.html]
[fitnesstrendz.in/top-10-healthy-foods-to-improve-digestion/index494d.html]
[fitnesstrendz.in/top-10-healthy-foods-to-improve-digestion/indexa5b0.html]
[fitnesstrendz.in/tag/lifestyle/amp/index.html]
[fitnesstrendz.in/category/blog/index494d.html]
[fitnesstrendz.in/best-chest-exercises-for-muscle-building/index494d.html]
[fitnesstrendz.in/best-chest-exercises-for-muscle-building/indexa5b0.html]
[fitnesstrendz.in/tag/exercise/amp/index.html]
[fitnesstrendz.in/page/3/index2c29.html]
[fitnesstrendz.in/tag/diet/index494d.html]
[fitnesstrendz.in/tag/fitness/index494d.html]
[fitnesstrendz.in/tag/health/index494d.html]
[fitnesstrendz.in/category/dietary-supplement/page/2/index494d.html]
[fitnesstrendz.in/index2c29.html]
[fitnesstrendz.in/tag/food/index494d.html]
[fitnesstrendz.in/tag/protein-food/index494d.html]
[fitnesstrendz.in/tag/veg-protein/index494d.html]
[fitnesstrendz.in/how-to-lose-belly-fat-at-home/index494d.html]
[fitnesstrendz.in/how-to-lose-belly-fat-at-home/indexa5b0.html]
[fitnesstrendz.inwp-content/uploads/2021/11/Best-Whey-Protien-9-1-1024x366.png]
[fitnesstrendz.inwp-content/uploads/2020/06/340-peanut-butter-crunch-with-peanut-butter-chocolate-jar-nut-original-imaeztpnffq9pqdg-min.jpeg]
[fitnesstrendz.inwp-content/uploads/2020/06/12914389481KJr2m5JSL1506582672-min-1-1.jpg]
[fitnesstrendz.inwp-content/uploads/2020/06/download-1-min-1-min.jpg]
[fitnesstrendz.inwp-content/uploads/2020/04/Capture-amazon-8.png]
[fitnesstrendz.inwp-content/uploads/2021/08/400-all-natural-peanut-butter-creamy-smooth-400g-unsweetened-non-original-imag37r9kzgayqn6-min.jpeg]
[fitnesstrendz.inwp-content/uploads/2021/08/BUY-FROM-METTLE-1024x504.jpg]
[fitnesstrendz.inwp-content/uploads/2020/06/product208-500x500-min-1.jpg]
[fitnesstrendz.inwp-content/uploads/2020/06/ezgif.com-webp-to-jpg-min.jpg]
[fitnesstrendz.inwp-content/uploads/2020/06/710CKBx1zwL-min-1024x993.jpg]
[fitnesstrendz.inwp-content/uploads/2020/06/51OZ0qnYXTL_large-min.jpg]
[fitnesstrendz.inwp-content/uploads/2020/06/download-5-min.jpg]
[fitnesstrendz.inwp-content/uploads/2020/06/1-unsweetened-peanut-butter-100-natural-creamy-1kg-jar-nut-original-imafd7qpagyyjvny-min.jpeg]
[fitnesstrendz.inwp-content/uploads/2020/06/sundrop-peanut-butter-creamy-min-1-min.jpg]
[fitnesstrendz.inwp-content/uploads/2020/06/download-6-min.jpg]
[fitnesstrendz.inwp-content/uploads/2020/01/Best-whey-protein-supplements-in-India-min.jpg]
[fitnesstrendz.inwp-content/uploads/2020/01/dym_eli2100__41866.1512994282-min-1-647x1024.jpg]
[fitnesstrendz.inwp-content/uploads/2020/01/images-2-min-1.jpg]
[fitnesstrendz.inwp-content/uploads/2020/01/optimum-nutrition-100-5-227-2-1.jpg]
[fitnesstrendz.inwp-content/uploads/2020/01/nitrotech-chocolate-hazelnut-1810g_1_g.jpeg]
[fitnesstrendz.inwp-content/uploads/2020/01/images-3-min.jpg]
[fitnesstrendz.inwp-content/uploads/2020/01/1-min.jpg]
[fitnesstrendz.inwp-content/uploads/2020/01/images-5-min.jpg]
[fitnesstrendz.inwp-content/uploads/2020/02/download-2.jpg]
[fitnesstrendz.inwp-content/uploads/2020/02/images-7-min.jpg]
[fitnesstrendz.inwp-content/uploads/2020/02/images-9-min.jpg]
[fitnesstrendz.inwp-content/uploads/2021/11/Best-Whey-Protien-9-3-1024x366.png]
[fitnesstrendz.inwp-content/uploads/2020/07/BCAA-min.jpg]
[fitnesstrendz.inwp-content/uploads/2020/07/musclexp-bcaa-energy-with-electrolyte-blend-caffeine-powder-orange-0.jpg]
[fitnesstrendz.inwp-content/uploads/2020/07/images-13-min.jpg]
[fitnesstrendz.inwp-content/uploads/2020/07/BPI-Best-Bcaa-60-Servings-min-1024x1024.jpg]
[fitnesstrendz.inwp-content/uploads/2020/07/scivation-bcaa-min-1-1024x1024.jpg]
[fitnesstrendz.inwp-content/uploads/2020/07/BigMuscles-Real-Bcaa-Trophical-Madness-min.jpg]
[fitnesstrendz.inwp-content/uploads/2020/07/download-8-min.jpg]
[fitnesstrendz.inwp-content/uploads/2020/07/MusclePharm-BCAA-30-Serves-min.jpg]
[fitnesstrendz.inwp-content/uploads/2020/07/images-14-min.jpg]
[fitnesstrendz.inwp-content/uploads/2020/07/images-15-min.jpg]
[fitnesstrendz.inwp-content/uploads/2020/07/images-16-min.jpg]
[fitnesstrendz.inwp-content/uploads/2021/11/Best-Whey-Protien-9-2-1024x366.png]
[fitnesstrendz.inwp-content/uploads/2019/12/mixed-fruits.jpg]
[fitnesstrendz.inwp-content/uploads/2019/12/health-benefits-of-almonds-main-image-700-350-min.jpg]
[fitnesstrendz.inwp-content/uploads/2019/12/45631828_303-min.jpg]
[fitnesstrendz.inwp-content/uploads/2019/12/the-health-benefits-of-sweet-potatoes-main-image-700-350-min.jpg]
[fitnesstrendz.inwp-content/uploads/2019/12/avocado.jpg]
[fitnesstrendz.inwp-content/uploads/2019/12/citrus.jpg]
[fitnesstrendz.inwp-content/uploads/2019/12/AN491-Oats-732x549-thumb.jpg]
[fitnesstrendz.inwp-content/uploads/2019/12/Banana-min-1024x576.jpg]
[fitnesstrendz.inwp-content/uploads/2020/05/protein-vegetarian-min.jpg]
[fitnesstrendz.inwp-content/uploads/2019/12/getty-854296650-min.jpg]
[fitnesstrendz.inwp-content/uploads/2019/12/images.jpg]
[fitnesstrendz.inwp-content/uploads/2020/05/multicolored-lentils-min-1.jpg]
[fitnesstrendz.inwp-content/uploads/2020/05/161788_kilizl_5a8b0b17-0da9-4550-a42a-2f0460f19018-min.jpg]
[fitnesstrendz.inwp-content/uploads/2020/05/download-1.jpg]
[fitnesstrendz.inwp-content/uploads/2020/05/dark-chocolate-625_625x350_51470296329-1.jpg]
[fitnesstrendz.inwp-content/uploads/2019/12/41256287-hearthy-fresh-green-peas-and-pods-on-rustic-fabric-background-min-1-1024x683.jpg]
[fitnesstrendz.inwp-content/uploads/2019/12/107793982_gettyimages-157603551.jpg]
[fitnesstrendz.inwp-content/uploads/2019/12/basic-baked-chicken-breasts-3050929-10_preview-5afd9cce6bf06900364bd8b1-1024x609.jpeg]
[fitnesstrendz.inwp-content/uploads/2021/11/treadmill-testing-0367-1578930314-min-1024x683.jpg]
[fitnesstrendz.inwp-content/uploads/2021/11/41zx6CRZBtL-min.jpg]
[fitnesstrendz.inwp-content/uploads/2021/08/image.jpeg]
[fitnesstrendz.inwp-content/uploads/2021/11/durafit-spark-125-hp-peak-25-hp-dc-motorized-treadmill-sports-durafit-sturdy-stable-and-strong_600x600-min.jpg]
[fitnesstrendz.inwp-content/uploads/2021/11/cockatoo-ctm-05-1-5-hp-2hp-peak-dc-motorized-treadmill-for-home-500x500-min.jpg]
[fitnesstrendz.inwp-content/uploads/2021/11/sth-1200-3-hp-peak-automatic-treadmill-motorized-treadmill-for-original-imafpmudn5tactj2-min.jpeg]
[fitnesstrendz.inwp-content/uploads/2021/11/14-300x300-min.jpg]
[fitnesstrendz.inwp-content/uploads/2021/11/811WFvpZSL._SX355_.jpg]
[fitnesstrendz.inwp-content/uploads/2021/11/51wcoXiqC9L._SL1100_-min-1024x1024.jpg]
[fitnesstrendz.inwp-content/uploads/2021/11/TM-112-9-min-1024x1024.jpg]
[fitnesstrendz.inwp-content/uploads/2021/11/41qkk0WHdbL-min.jpg]
[fitnesstrendz.inwp-content/uploads/2021/11/81yOBp29AhL._SY355_-min.jpg]
[fitnesstrendz.inwp-content/uploads/2021/11/Best-Whey-Protien-9-1024x366.png]
[fitnesstrendz.inwp-content/uploads/2021/09/1109-cut-back-min-1-1024x567.jpg]
[fitnesstrendz.inwp-content/uploads/2021/09/Superficial-Muscles-of-the-Back-min-1-857x1024.jpg]
[fitnesstrendz.inwp-content/uploads/2021/09/one-arm-dumbbell-row-min-1.jpg]
[fitnesstrendz.inwp-content/uploads/2021/09/439021397484de1240aa3528b3cd63b6-min-1.jpg]
[fitnesstrendz.inwp-content/uploads/2021/09/exercising-pulling-up-wide-grip-hand-crossbar-undergrip-bodybuilding-target-muscles-marked-red-64593648-min-edited-102]
[fitnesstrendz.inwp-content/uploads/2021/09/cable-lat-pullover-1.jpg]
[fitnesstrendz.inwp-content/uploads/2021/09/reverse-grip-bent-over-rows-1.jpg]
[fitnesstrendz.inwp-content/uploads/2021/09/StraightArmDumbbellPullover.jpg]
[fitnesstrendz.inwp-content/uploads/2021/09/exercising-cable-bar-lateral-pulldown-bodybuilding-target-muscles-marked-red-89966991-min-1.jpg]
[fitnesstrendz.inwp-content/uploads/2021/09/1664c-2.jpg]
[fitnesstrendz.inwp-content/uploads/2021/09/pullups-1.climbstrong-1.jpg]
[fitnesstrendz.inwp-content/uploads/2021/09/Straight-Arm-Lat-Pulldown-1.jpg]
[fitnesstrendz.inwp-content/uploads/2021/08/Protein-Bars-min-1024x576.jpg]
[fitnesstrendz.inwp-content/uploads/2021/08/40095298_6-yoga-bar-whey-protein-bar-chocolate-brownie-min.jpg]
[fitnesstrendz.inwp-content/uploads/2021/08/nutrition-assorted-bar-box-ritebite-original-imafztffkcyft6t3-min.jpeg]
[fitnesstrendz.inwp-content/uploads/2021/08/40194793_3-mettle-cookies-cream-protein-bar-min.jpg]
[fitnesstrendz.inwp-content/uploads/2021/08/ProteinBars-ComboBack_1024x-min-996x1024.jpg]
[fitnesstrendz.inwp-content/uploads/2021/08/prd_1396575-MuscleBlaze-HiProtein-Bar-30g-Protein-6-PiecesPack-Choco-Almond_c_l.jpg]
[fitnesstrendz.inwp-content/uploads/2021/08/61ErPiQjoQL._AC_SS450_-min.jpg]
[fitnesstrendz.inwp-content/uploads/2021/08/Assorted-High-Protein-Bar-–-Gluten-Free-–-Rine-–-80gm-e1621405446842-min-1024x873.jpg]
[fitnesstrendz.inwp-content/uploads/2021/08/Peanut-time-bars-1024x1024.png]
[fitnesstrendz.inwp-content/uploads/2021/08/Novkafit-Protein-Bar-Assorted-Box-SDL330939882-1-8bc57-min.jpg]
[fitnesstrendz.inwp-content/uploads/2021/08/k5kvmlfs5s6rfzfzjsi5.jpg]
[fitnesstrendz.inwp-content/uploads/2021/08/Does-Green-Tea-Reduce-the-Risk-of-Cancer_-min-1024x585.jpg]
[fitnesstrendz.inwp-content/uploads/2021/08/40199095_1-dabur-vedic-suraksha-green-tea-min.jpg]
[fitnesstrendz.inwp-content/uploads/2021/08/lipton-honey-lemon-green-tea-bags-box-25-bags_1581449889-min.jpg]
[fitnesstrendz.inwp-content/uploads/2021/08/36-tea-detox-desi-kahwa-36-tea-bags-green-tea-girnar-tea-tea-bag-original-imaf3qy947kzg3kh-min.jpeg]
[fitnesstrendz.inwp-content/uploads/2021/08/organic-india-tulsi-green-tea-claassic-100-g-tin-jar-550x550h-min-1.jpg]
[fitnesstrendz.inwp-content/uploads/2021/08/Tetley-Green-Tea-Immune-Classic-Tea-Bags-1618392443-10084956-1-min-edited.jpg]
[fitnesstrendz.inwp-content/uploads/2021/08/153735_tykkulkilo-min.jpg]
[fitnesstrendz.inwp-content/uploads/2021/08/Chamo-Lav-01copy_large-min.jpg]
[fitnesstrendz.inwp-content/uploads/2021/08/30-ashwagandha-spiced-green-tea-pack-of-3-herbal-tea-care-tea-original-imafuyq8hdkcmn4h-min.jpeg]
[fitnesstrendz.inwp-content/uploads/2021/08/100-kadha-nilgiris-green-tea-loose-leaf-for-immunity-100g-green-original-imaftgw65zfkc5zd-min.jpeg]
[fitnesstrendz.inwp-content/uploads/2021/08/299131_2-society-premium-green-tea-min.jpg]
[fitnesstrendz.inwp-content/uploads/2021/08/68983324-brown-flax-seeds-on-spoon-and-flaxseed-oil-in-glass-jug-on-wooden-table-flax-oil-is-rich-in-omega-3-min-1024x]
[fitnesstrendz.inwp-content/uploads/2021/08/Carbamide-Forte-Cold-Pressed-Organic-Flaxseed-Oil-1000mg-166x300-min.jpg]
[fitnesstrendz.inwp-content/uploads/2020/04/Capture-amazon-4.png]
[fitnesstrendz.inwp-content/uploads/2021/08/nyhv000000081-1-min.jpg]
[fitnesstrendz.inwp-content/uploads/2021/08/1000-045-onelife-original-imaf5wpbbz4afzjz-min.jpeg]
[fitnesstrendz.inwp-content/uploads/2021/08/41a7LwSdu6L._AC_US180_SCLZZZZZZZ__-min.jpg]
[fitnesstrendz.inwp-content/uploads/2021/08/download-13-min.jpg]
[fitnesstrendz.inwp-content/uploads/2021/08/images-20-min.jpg]
[fitnesstrendz.inwp-content/uploads/2021/08/30-vegan-omega-3-6-9-flaxseed-oil-500mg-30-softgels-linseed-oil-original-imagyz3shkg8gdjw-min.jpeg]
[fitnesstrendz.inwp-content/uploads/2021/08/alen-flax-30-caps-500x500-min.jpg]
[fitnesstrendz.inwp-content/uploads/2021/08/71NgkPNWRdL._AC_SS450_-min.jpg]
[fitnesstrendz.inwp-content/uploads/2021/08/download-14-min.jpg]
[fitnesstrendz.in/page/3/index2c29.html]
[fitnesstrendz.in/index2c29.html]
[fitnesstrendz.in/category/dietary-supplement/page/2/index2c29.html]
[fitnesstrendz.in/tag/lifestyle/index494d.html]
[fitnesstrendz.in/tag/exercise/index494d.html]
[fitnesstrendz.in/category/dietary-supplement/page/2/index2c29.html]
[fitnesstrendz.inwp-content/uploads/2019/12/upper-chest-workout-featured.png]
[fitnesstrendz.inwp-content/uploads/2021/09/stock-vector-pectoralis-major-muscle-muscles-of-chest-thorax-brisket-breast-bust-didactic-board-of-129969800-1024x634]
[fitnesstrendz.inwp-content/uploads/2019/11/incline-bench-press.jpg]
[fitnesstrendz.inwp-content/uploads/2019/11/giphy-chest-press.gif]
[fitnesstrendz.inwp-content/uploads/2019/11/d0d91bc14269153bf919c14d59ce6f24.jpg]
[fitnesstrendz.inwp-content/uploads/2019/11/1749-min.jpg]
[fitnesstrendz.inwp-content/uploads/2019/11/hex-press-main-1280-min-1024x768.jpg]
[fitnesstrendz.inwp-content/uploads/2019/11/Cable-flyes-man.jpg]
[fitnesstrendz.inwp-content/uploads/2019/11/Chest-dips.jpg]
[fitnesstrendz.inwp-content/uploads/2020/06/straightarmdumbbellpullovers-min.jpg]
[fitnesstrendz.inwp-content/uploads/2020/06/SeatedPecFlyMachine-min.jpg]
[fitnesstrendz.inwp-content/uploads/2020/06/barbel-amended-min.jpg]
[fitnesstrendz.inwp-content/uploads/2020/04/p06yg8zv.jpg]
[fitnesstrendz.inwp-content/uploads/2019/11/couple-doing-pushups-gettyimages-951498646-min-1024x683.jpg]
[fitnesstrendz.inwp-content/uploads/2019/11/burpee-min.jpg]
[fitnesstrendz.inwp-content/uploads/2019/11/mountain_climbers-1024x3055555-min.jpg]
[fitnesstrendz.inwp-content/uploads/2019/11/Do-crunches-650x433.jpg]
[fitnesstrendz.inwp-content/uploads/2019/11/sumo-squat-min.jpg]
[fitnesstrendz.inwp-content/uploads/2020/04/leg_lifts-1024x459-min.jpg]
[fitnesstrendz.inwp-content/uploads/2020/05/the-bicycle-crunches-620x384-min.jpg]
[fitnesstrendz.inwp-content/uploads/2020/04/sideplank-thumb-min-1024x576.jpg]
[fitnesstrendz.inwp-content/uploads/2020/05/download_5_-min.jpg]
[fitnesstrendz.inwp-content/uploads/2019/11/plank.jpg]
[fitnesstrendz.inwp-content/uploads/2021/08/omega-3-fatty-acid-supplements-and-fish-oil-1024x683-1.jpg]
[fitnesstrendz.inwp-content/uploads/2021/08/61XbcgzmAS._SX466_-min.jpg]
[fitnesstrendz.inwp-content/uploads/2020/06/download-1-min.jpg]
[fitnesstrendz.inwp-content/uploads/2021/08/Neuherbs-NDSFO60-60-no-s-SDL873338045-1-393cf-min.jpg]
[fitnesstrendz.inwp-content/uploads/2021/08/120-omega-3-fish-oil-1000-mg-muscleblaze-original-imafjqgp75uhpxbh-min.jpeg]
[fitnesstrendz.inwp-content/uploads/2021/08/61IRnjAVMIL._SL1200_-min-1024x1024.jpg]
[fitnesstrendz.inwp-content/uploads/2021/08/nutrilite-salmon-omega-3-softgels-500x500-min.jpg]
[fitnesstrendz.inwp-content/uploads/2021/08/images-17.jpg]
[fitnesstrendz.inwp-content/uploads/2021/08/prd_1179487-TrueBasics-Ultra-Omega3-Fatty-Acids-with-1250mg-Fish-oil-EPA-460-mg-DHA-380-mg-30-capsules_o-min.163.delay]
[fitnesstrendz.inwp-content/uploads/2021/08/images-18.jpg]
[fitnesstrendz.inwp-content/uploads/2021/08/images-19.jpg]
[fitnesstrendz.inwp-content/uploads/2021/08/61KlWmVPjDL._AC_SX679_.jpg]
[fitnesstrendz.inwp-content/uploads/2021/04/migkl9obvu33kexwt0njvilc9qdqnahkqmi7gztq1ld5lp4kr8yqe3ooheviarge-min-1024x683.jpg]
[fitnesstrendz.inwp-content/uploads/2021/04/1-white-oats-pouch-bagrry-s-original-imafmpzrgrsg3qky-min.jpeg]
[fitnesstrendz.inwp-content/uploads/2021/04/71UROLj-orL-min-1024x1024.jpg]
[fitnesstrendz.inwp-content/uploads/2021/04/284405-2_9-quaker-oats-min.jpg]
[fitnesstrendz.inwp-content/uploads/2021/04/100002511-min.jpg]
[fitnesstrendz.inwp-content/uploads/2021/04/disano-high-in-protein-and-fibre-oats-pouch-1-kg-min.jpg]
[fitnesstrendz.inwp-content/uploads/2021/04/544438anyktre0000008update-min.jpg]
[fitnesstrendz.inwp-content/uploads/2021/04/8611-01-Rolled-Oats-800g-1-500x500-min.jpg]
[fitnesstrendz.inwp-content/uploads/2021/04/51kHm0P6PDL-min.jpg]
[fitnesstrendz.inwp-content/uploads/2021/04/61DHO-lrD7L-min.jpg]
[fitnesstrendz.inwp-content/uploads/2021/04/102523363-min-1.jpg]
[fitnesstrendz.inwp-content/uploads/2021/03/Top-5-Pre-Workout-Supplements-In-India-min-1024x576.jpg]
[fitnesstrendz.inwp-content/uploads/2021/03/download-12-min.jpg]
[fitnesstrendz.inwp-content/uploads/2021/03/71VQJBrblL._SY450_-min.jpg]
[fitnesstrendz.inwp-content/uploads/2021/03/f9-extreme-pre-workout-ma-exbr-muscle-asylum-original-imafwmt6tzajczvf-min.jpeg]
[fitnesstrendz.inwp-content/uploads/2021/03/71c0mMa54EL._SY450_-min.jpg]
[fitnesstrendz.inwp-content/uploads/2021/03/shredz-pre-preworkout-30-servings-lean-muscles-building-strength-original-imagypmz2m94e7cc-min.jpeg]
[fitnesstrendz.inwp-content/uploads/2021/03/cellucor-c4-min-1024x1024.jpg]
[fitnesstrendz.inwp-content/uploads/2021/03/ProSupps-min.jpg]
[fitnesstrendz.inwp-content/uploads/2021/03/300-nitraflex-30-serving-fruit-punch-fresh-stock-gat-original-imafhzzkd4fhzhwt-min.jpeg]
[fitnesstrendz.inwp-content/uploads/2021/03/GHC_MT_003-1500x1500-min-1-1024x1024.jpg]
[fitnesstrendz.inwp-content/uploads/2021/03/250-up-beet-pre-workout-by-muscleblaze-19-servings-bgreen-original-imafxu6ytgbzfwa9.jpeg]
[fitnesstrendz.inwp-content/uploads/2021/01/creatine-powder-all-review-ub-1-scaled-min-1024x576.jpg]
[fitnesstrendz.inwp-content/uploads/2021/01/prd_609735-GNC-Pro-Performance-Creatine-Monohydrate-Unflavoured-0.55-lb_o.jpg]
[fitnesstrendz.inwp-content/uploads/2021/01/sinew-nutrition-creatine-monohydrate-500x500-min.jpg]
[fitnesstrendz.inwp-content/uploads/2021/01/NB-MUP-1017-N01-510x510-1.jpg]
[fitnesstrendz.inwp-content/uploads/2021/01/creatine-monohydrate-nut1369-03-muscleblaze-original-imafgye5w752wj4w-min.jpeg]
[fitnesstrendz.inwp-content/uploads/2021/01/1-1.jpg]
[fitnesstrendz.inwp-content/uploads/2021/01/image_skuMT2320202_largeImage_X_450_white.jpg]
[fitnesstrendz.inwp-content/uploads/2021/01/download-10.jpg]
[fitnesstrendz.inwp-content/uploads/2021/01/download-11-min.jpg]
[fitnesstrendz.inwp-content/uploads/2021/01/ezgif.com-gif-maker-min.jpg]
[fitnesstrendz.inwp-content/uploads/2021/01/realcrealeomony84front_1024x1024-min-1024x1024.jpg]
[fitnesstrendz.inwp-content/uploads/2020/07/top-10-best-tasting-weight-gainers-facebook-960x540-min.jpg]
[fitnesstrendz.inwp-content/uploads/2020/07/performance-series-tech-extreme-2000-631656266454-muscletech-original-imafk8chkerzudvu-min.jpeg]
[fitnesstrendz.inwp-content/uploads/2020/07/dymatize-super-mass-gainer-500x500-min.jpg]
[fitnesstrendz.inwp-content/uploads/2020/07/serious-mass-3kg-500x500-min.jpeg]
[fitnesstrendz.inwp-content/uploads/2020/07/387576_1-min-1-1024x1024.jpg]
[fitnesstrendz.inwp-content/uploads/2020/07/ezgif.com-webp-to-jpg-1-min.jpg]
[fitnesstrendz.inwp-content/uploads/2020/07/gold-gainer-xxl-nut6234-01-muscleblaze-original-imafj5bdzfnvsrqr-min.jpeg]
[fitnesstrendz.inwp-content/uploads/2020/07/635.jpg]
[fitnesstrendz.inwp-content/uploads/2020/07/ezgif.com-webp-to-jpg-2-min.jpg]
[fitnesstrendz.inwp-content/uploads/2020/07/1571223392981_0.-702x1024.jpg]
[fitnesstrendz.inwp-content/uploads/2020/07/labrada-muscle-mass-gainer-chocolate-500x500-2-min.jpg]
[fitnesstrendz.inwp-content/uploads/2020/05/20ff98b2-1273-4c57-83e8-fe258212094a222-min.jpg]
[fitnesstrendz.inwp-content/uploads/2020/05/image_skuNUT6070105_largeImage_X_450_white.jpg]
[fitnesstrendz.inwp-content/uploads/2020/05/image_MuscleTech_Performance_Series_Hydroxycut_Hardcore_NEXT_GEN_6-min.jpg]
[fitnesstrendz.inwp-content/uploads/2020/05/MB-PRO.jpg]
[fitnesstrendz.inwp-content/uploads/2020/05/joo0kknmqrrmpltfb6yp.jpg]
[fitnesstrendz.inwp-content/uploads/2020/04/Capture-amazon-7.png]
[fitnesstrendz.inwp-content/uploads/2020/05/3-min-1024x1024.jpg]
[fitnesstrendz.inwp-content/uploads/2020/05/71bEMdAcE9L._SX466_-min.jpg]
[fitnesstrendz.inwp-content/uploads/2020/05/copyright-www.trufit.eu-550-universal-nutrition-animal-cuts-min.jpg]
[fitnesstrendz.inwp-content/uploads/2020/05/92712548-a2bf-42cf-83b0-93c1fbdc252a_1.ad92d00390d4d2c02d3de30d8d088609-min.jpeg]
[fitnesstrendz.inwp-content/uploads/2020/05/965522_web_GNC-Total-Lean-Burn-60_Front_Bottle-min-1-min-708x1024.jpg]
[fitnesstrendz.inwp-content/uploads/2020/05/Sinew-Nutrition-Natural-Fat-Burner-SDL421965767-1-3fbfc-min.jpg]
[fitnesstrendz.inwp-content/uploads/2020/04/74dcc4f6-866d-49f1-ab44-50ea1f664387-min.jpg]
[fitnesstrendz.inwp-content/uploads/2020/04/74dcc4f6-866d-49f1-ab44-50ea1f664387-min-1.jpg]
[fitnesstrendz.inwp-content/uploads/2020/04/images-11-min.jpg]
[fitnesstrendz.inwp-content/uploads/2020/04/Capture-amazon-1.png]
[fitnesstrendz.inwp-content/uploads/2020/04/featured-mult-intl-update-min.jpg]
[fitnesstrendz.inwp-content/uploads/2020/04/Capture-amazon-2.png]
[fitnesstrendz.inwp-content/uploads/2020/04/60-daily-multivitamin-for-women-muscleblaze-original-imafeecy3dgy4k3u-min.jpeg]
[fitnesstrendz.inwp-content/uploads/2020/04/Capture-amazon-3.png]
[fitnesstrendz.inwp-content/uploads/2020/04/180-daily-180n-tablets-amway-original-imaf5kggvhwxzbph-min.jpeg]
[fitnesstrendz.inwp-content/uploads/2020/04/images-10-min.jpg]
[fitnesstrendz.inwp-content/uploads/2020/04/Capture-amazon-5.png]
[fitnesstrendz.inwp-content/uploads/2020/04/999999-33674111819-min.jpg]
[fitnesstrendz.inwp-content/uploads/2020/04/Capture-amazon-6.png]
[fitnesstrendz.inwp-content/uploads/2020/04/Multivitamin-India.jpg]
[fitnesstrendz.inwp-content/uploads/2020/04/Uni-Vite-by-Universal-Nutrition_1200x630-min.jpg]
[fitnesstrendz.inwp-content/uploads/2020/05/3-1-min-1024x1024.jpg]
[fitnesstrendz.inwp-content/uploads/2020/05/1664978_01-min.jpg]
[fitnesstrendz.inwp-content/uploads/2020/02/2FFvzA2zeqoVJ2SVhDmmumdPfnVEcahMce9nMwwksSDdRvRL9UCuCcU85fSFTr3WjJ4VHYu7Xf5XAW4EGNjkLZwCw6vpaZmPc2ccsBgKb1fSymvAJLUQwf]
[fitnesstrendz.inwp-content/uploads/2020/02/iso1.3kg-min.jpg]
[fitnesstrendz.inwp-content/uploads/2020/01/download.png]
[fitnesstrendz.inwp-content/uploads/2020/02/550x_dymatize-acetyl-l-carnitine-90caps-new-min.jpg]
[fitnesstrendz.inwp-content/uploads/2020/02/group-1-min.jpg]
[fitnesstrendz.inwp-content/uploads/2020/02/352277_1-min-1024x1024.jpg]
[fitnesstrendz.inwp-content/uploads/2020/02/120-mb-vite-multivitamin-muscleblaze-original-imafm58uwvskzpbg-min.jpeg]
[fitnesstrendz.inwp-content/uploads/2020/02/61qLr3JMEL-min-1024x1024.jpg]
[fitnesstrendz.inwp-content/uploads/2019/12/67849989-1.jpg]
[fitnesstrendz.inwp-content/uploads/2019/12/curd.jpg]
[fitnesstrendz.inwp-content/uploads/2019/12/spinach-1296x728-feature-1024x575.jpg]
[fitnesstrendz.inwp-content/uploads/2019/12/68989314.jpg]
[fitnesstrendz.inwp-content/uploads/2019/12/images-1.jpg]
[fitnesstrendz.inwp-content/uploads/2019/12/shutterstock_538396873-min.jpg]
[fitnesstrendz.inwp-content/uploads/2020/05/Banana-min-768x432-1.jpg]
[fitnesstrendz.inwp-content/uploads/2020/05/What-Is-Ginger-Nutrition-Facts-Health-Benefits-Alternative-Uses-722x406-min.jpg]
[fitnesstrendz.inwp-content/uploads/2020/05/health-benefits-of-beetroot-700-350-min.jpg]
[fitnesstrendz.inwp-content/uploads/2020/05/GettyImages-1171663792_header-1024x575-min.jpg]
[fitnesstrendz.inwp-content/uploads/2020/05/cantaloupe-min-1024x569.jpg]
[fitnesstrendz.inwp-content/uploads/2020/05/90306_himalaya_liv52-min.jpg]
[fitnesstrendz.inwp-content/uploads/2020/05/dez-min.jpg]
[fitnesstrendz.in/category/dietary-supplement/index2c29.html]
[fitnesstrendz.in/category/dietary-supplement/index2c29.html]
